Info: Generated by version: 23.4 build 79
Info: Starting: Create block symbol file (.bsf)
Info: qsys-generate /home/jcheung2/ofs24/ofs-agx7-pcie-attach/ofs-common/src/common/fme_id_rom/fme_id_rom_2.ip --block-symbol-file --output-directory=/home/jcheung2/ofs24/ofs-agx7-pcie-attach/ofs-common/src/common/fme_id_rom/fme_id_rom_2 --family="Agilex 7" --part=AGFB014R24A2E2V
: fme_id_rom_2.rom_1port_0: Targeting device family: Agilex 7.
: fme_id_rom_2.rom_1port_0: In 'Mem Init' tab, the initial content of the memory must be specified for a ROM.
Info: Finished: Create block symbol file (.bsf)
Info: 
Info: Starting: Create HDL design files for synthesis
Info: qsys-generate /home/jcheung2/ofs24/ofs-agx7-pcie-attach/ofs-common/src/common/fme_id_rom/fme_id_rom_2.ip --synthesis=VERILOG --output-directory=/home/jcheung2/ofs24/ofs-agx7-pcie-attach/ofs-common/src/common/fme_id_rom/fme_id_rom_2 --family="Agilex 7" --part=AGFB014R24A2E2V
: fme_id_rom_2.rom_1port_0: Targeting device family: Agilex 7.
: fme_id_rom_2.rom_1port_0: In 'Mem Init' tab, the initial content of the memory must be specified for a ROM.
Info: rom_1port_0.intel_mce_inst: NODE_NAME from GUI is NONE
Info: fme_id_rom_2: "Transforming system: fme_id_rom_2"
Info: fme_id_rom_2: "Naming system components in system: fme_id_rom_2"
Info: fme_id_rom_2: "Processing generation queue"
Info: fme_id_rom_2: "Generating: fme_id_rom_2"
Info: fme_id_rom_2: "Generating: fme_id_rom_2_rom_1port_2021_nutbtky"
Info: intel_mce_inst: "Generating: intel_mce_inst"
Info: intel_mce_arb_inst: "Generating: intel_mce_arb_inst"
Info: fme_id_rom_2: "Generating: fme_id_rom_2_rom_1port_intel_mce_2021_iwha2ga"
Info: fme_id_rom_2: "Generating: fme_id_rom_2_rom_1port_intel_mce_arb_2021_tbyhvui"
Info: fme_id_rom_2: "Generating: sld_mod_ram_rom_top"
Info: fme_id_rom_2: "Generating: altera_sld_arbiter_top"
Info: fme_id_rom_2: Done "fme_id_rom_2" with 6 modules, 6 files
Info: Finished: Create HDL design files for synthesis
Info: Starting: Generate IP Core Documentation
Info: No documentation filesets were found for components in fme_id_rom_2. No files generated.
Info: Finished: Generate IP Core Documentation
